// Jest Snapshot v1, https://goo.gl/fbAQLP

exports[`PositionListFilter should render PositionListFilter correctly 1`] = `
<div
  className="position_list_filters"
>
  <div
    className="input_group__item"
  >
    <input
      className="text_input"
      onChange={[Function]}
      placeholder="Search positions"
      type="text"
      value="initial filter"
    />
  </div>
</div>
`;
