// Jest Snapshot v1, https://goo.gl/fbAQLP

exports[`PositionApply when user is Authenticated should render correctly 1`] = `
<div
  className="position_apply"
>
  <div
    className="position_apply__apply"
  >
    <Link
      className="nav_link"
      replace={false}
      to="/apply/undefined"
    >
      Apply Now
    </Link>
  </div>
</div>
`;

exports[`PositionApply when user is NOT Authenticated should render correctly 1`] = `
<div
  className="position_apply"
>
  <button
    className="position_apply__button"
    onClick={[Function]}
  >
    Login with Google
  </button>
</div>
`;
