// Jest Snapshot v1, https://goo.gl/fbAQLP

exports[`PositionWatchDetails should render PositionWatchDetails correctly when position is NOT available 1`] = `
<div
  className="position_watch_details"
>
  <div
    className="empty"
  >
    Please select an item to view
  </div>
</div>
`;

exports[`PositionWatchDetails should render PositionWatchDetails correctly when position is available 1`] = `
<div
  className="position_watch_details"
>
  <div
    className="position_watch_details_widget"
  >
    <div
      className="position_watch_details_header"
    >
      <div>
        <div
          className="position_watch_details__title"
        >
          first title
        </div>
        <div
          className="position_watch_details__job_id"
        >
          Job Id: 
          first job id
        </div>
        <div
          className="position_watch_details__location"
        >
          Location: 
          first location
        </div>
      </div>
    </div>
    <Connect(PositionWatchEditWidget) />
    <PositionDetailsContent
      position={
        Object {
          "content": Object {
            "description": "first description",
            "requirements": Array [
              "Skill 1",
              "Skill 2",
            ],
            "responsibilities": Array [
              "Responsibility 1",
              "Responsibility 2",
            ],
          },
          "jobId": "first job id",
          "location": "first location",
          "positionId": "firstPositionId",
          "title": "first title",
        }
      }
    />
  </div>
</div>
`;
