// Jest Snapshot v1, https://goo.gl/fbAQLP

exports[`PositionWatchAddDetails should render PositionWatchAddDetails correctly when position is NOT available 1`] = `
<div
  className="inbox_details_empty"
>
  Please select an item to view
</div>
`;

exports[`PositionWatchAddDetails should render PositionWatchAddDetails correctly when position is available 1`] = `
<div
  className="inbox_details"
>
  <div
    className="inbox_details_header"
  >
    <div>
      <div
        className="inbox_details_header__title"
      >
        first title
      </div>
      <div
        className="inbox_details_header__job_id"
      >
        Job Id: 
        first job id
      </div>
      <div
        className="inbox_details_header__location"
      >
        Location: 
        first location
      </div>
    </div>
  </div>
  <div
    className="inbox_details_content position_watch_details"
  >
    <Connect(PositionWatchAddWidget) />
    <PositionDetailsContent
      position={
        Object {
          "content": Object {
            "description": "first description",
            "requirements": Array [
              "Skill 1",
              "Skill 2",
            ],
            "responsibilities": Array [
              "Responsibility 1",
              "Responsibility 2",
            ],
          },
          "jobId": "first job id",
          "location": "first location",
          "positionId": "firstPositionId",
          "title": "first title",
        }
      }
    />
  </div>
</div>
`;
