// Jest Snapshot v1, https://goo.gl/fbAQLP

exports[`ApplicationSubmissionContainer should render ApplicationSubmissionContainer correctly 1`] = `
<div
  className="application_submission_container"
>
  <div
    className="application_submission_container_wrapper"
  >
    <div
      className="application_submission_container__content"
    >
      Thank you for your application! We will be in contact shortly.
    </div>
    <div
      className="application_submission_container__link"
    >
      <Link
        className="nav_link"
        replace={false}
        to="/"
      >
        Back to Positions
      </Link>
    </div>
  </div>
</div>
`;
