// Jest Snapshot v1, https://goo.gl/fbAQLP

exports[`ApplicationReviewContainer should render ApplicationReviewContainer correctly 1`] = `
<div
  className="application_review_container"
>
  <Connect(ApplicationProgressButtonsWidget)
    handleDecrementStep={[Function]}
    handleIncrementStep={[Function]}
  />
  <div
    className="application_review_container__user_documents"
  >
    <UserDocumentsList
      userDocuments={
        Array [
          Object {
            "dateUploaded": "2018/01/01 01:23:45A",
            "documentName": "Document Name 1",
            "downloadUrl": "downloadUrl1",
            "userDocumentId": "firstDocumentId",
          },
          Object {
            "dateUploaded": "2018/02/02 01:23:45A",
            "documentName": "Document Name 2",
            "downloadUrl": "downloadUrl2",
            "userDocumentId": "secondDocumentId",
          },
        ]
      }
    />
  </div>
  <Connect(UserProfileContainer)
    isReadOnly={true}
  />
</div>
`;
