// Jest Snapshot v1, https://goo.gl/fbAQLP

exports[`ApplicationUserContainer renders correctly 1`] = `
<div
  className="application_user_container"
>
  <Connect(ApplicationProgressButtonsWidget)
    handleDecrementStep={[Function]}
    handleIncrementStep={[Function]}
  />
  <Connect(UserProfileContainer) />
</div>
`;
