// Jest Snapshot v1, https://goo.gl/fbAQLP

exports[`ApplicantsList should render ApplicantsList correctly when applicants are available 1`] = `
<div
  className="applicants_list"
>
  <ApplicantsListItem
    applicantId="firstApplicantId"
    displayName="Johnny Appleseed"
    firstName="Johnny"
    key="firstApplicantId"
    lastName="Appleseed"
  />
  <ApplicantsListItem
    applicantId="secondApplicantId"
    displayName="Johnny Appleseed"
    firstName="Johnny"
    key="secondApplicantId"
    lastName="Appleseed"
  />
</div>
`;

exports[`ApplicantsList should render ApplicantsList correctly when no applicants are available 1`] = `
<div
  className="applicants_list empty"
>
  No available items
</div>
`;
